# This file was autogenerated by uv via the following command:
#    uv pip compile --python-version 3.14 req.in -o req.out
altair==6.2.2
    # via streamlit
annotated-types==0.8.0
    # via pydantic
anyio==4.15.1
    # via
    #   httpx
    #   starlette
    #   streamlit
apscheduler==3.11.3
    # via -r req.in
attrs==26.1.0
    # via
    #   jsonschema
    #   referencing
beautifulsoup4==4.15.0
    # via -r req.in
certifi==2026.7.22
    # via
    #   httpcore
    #   httpx
    #   requests
cffi==2.1.1
    # via cryptography
charset-normalizer==3.5.1
    # via requests
click==8.5.0
    # via
    #   streamlit
    #   uvicorn
cloudpickle==3.1.2
    # via joblib
cryptography==50.0.1
    # via pyjwt
deprecation==2.1.0
    # via
    #   postgrest
    #   storage3
h11==0.16.0
    # via
    #   httpcore
    #   uvicorn
h2==4.4.1
    # via httpx
hpack==4.2.0
    # via h2
httpcore==1.0.9
    # via httpx
httptools==0.8.0
    # via streamlit
httpx==0.28.1
    # via
    #   postgrest
    #   storage3
    #   supabase
    #   supabase-auth
    #   supabase-functions
hyperframe==6.1.0
    # via h2
idna==3.19
    # via
    #   anyio
    #   httpx
    #   requests
    #   yarl
itsdangerous==2.2.0
    # via streamlit
jinja2==3.1.6
    # via
    #   altair
    #   pydeck
joblib==1.6.0
    # via scikit-learn
jsonschema==4.26.0
    # via altair
jsonschema-specifications==2025.9.1
    # via jsonschema
markupsafe==3.0.3
    # via jinja2
multidict==6.8.0
    # via yarl
narwhals==2.26.0
    # via
    #   altair
    #   plotly
    #   scikit-learn
numpy==2.5.3
    # via
    #   -r req.in
    #   pandas
    #   pydeck
    #   scikit-learn
    #   scipy
    #   streamlit
packaging==26.3
    # via
    #   altair
    #   deprecation
    #   plotly
    #   streamlit
pandas==3.0.5
    # via
    #   -r req.in
    #   streamlit
pillow==12.3.0
    # via streamlit
plotly==7.0.0
    # via -r req.in
postgrest==2.31.0
    # via supabase
propcache==0.5.2
    # via yarl
protobuf==7.36.1
    # via streamlit
pyarrow==25.0.1
    # via streamlit
pycparser==3.0
    # via cffi
pydantic==2.13.5
    # via
    #   postgrest
    #   realtime
    #   storage3
    #   supabase-auth
pydantic-core==2.46.5
    # via pydantic
pydeck==0.9.3
    # via streamlit
pyjwt==2.14.0
    # via supabase-auth
python-dateutil==2.9.0.post0
    # via pandas
python-dotenv==1.2.3
    # via -r req.in
python-multipart==0.0.32
    # via streamlit
realtime==2.31.0
    # via supabase
referencing==0.37.0
    # via
    #   jsonschema
    #   jsonschema-specifications
requests==2.34.2
    # via
    #   -r req.in
    #   streamlit
rpds-py==2026.6.3
    # via
    #   jsonschema
    #   referencing
scikit-learn==1.9.1
    # via -r req.in
scipy==1.18.1
    # via scikit-learn
six==1.17.0
    # via python-dateutil
soupsieve==2.9.2
    # via beautifulsoup4
starlette==1.6.0
    # via streamlit
storage3==2.31.0
    # via supabase
streamlit==1.63.0
    # via -r req.in
strenum==0.4.15
    # via supabase-functions
supabase==2.31.0
    # via -r req.in
supabase-auth==2.31.0
    # via supabase
supabase-functions==2.31.0
    # via supabase
threadpoolctl==3.6.0
    # via scikit-learn
toml==0.10.2
    # via streamlit
typing-extensions==4.16.0
    # via
    #   altair
    #   anyio
    #   beautifulsoup4
    #   pydantic
    #   pydantic-core
    #   realtime
    #   streamlit
    #   typing-inspection
typing-inspection==0.4.4
    # via pydantic
tzdata==2026.4
    # via
    #   pandas
    #   tzlocal
tzlocal==5.4.4
    # via apscheduler
urllib3==2.7.0
    # via requests
uvicorn==0.53.0
    # via streamlit
watchdog==6.0.0
    # via streamlit
websockets==15.0.1
    # via
    #   realtime
    #   streamlit
yarl==1.24.5
    # via
    #   postgrest
    #   storage3
    #   supabase
    #   supabase-functions
